// Jest Snapshot v1, https://goo.gl/fbAQLP

exports[`components/AdminFooter renders successfully 1`] = `
<body>
  <div>
    <footer
      class="makeStyles-root-1"
    >
      <p
        class="MuiTypography-root MuiTypography-body1"
      >
        © 
        <next-link
          href="/"
        >
          <a
            class=""
            color="inherit"
            href="/"
          >
            Thinh Tran
          </a>
        </next-link>
         
        2019
      </p>
      <span
        class="MuiTypography-root MuiTypography-caption"
      >
        admin_common.createdWithLove
      </span>
    </footer>
  </div>
</body>
`;
