// Jest Snapshot v1, https://goo.gl/fbAQLP

exports[`components/Header renders successfully 1`] = `
<body>
  <div>
    <footer
      class="makeStyles-root-1"
    >
      <div
        class="MuiGrid-root MuiGrid-container"
      >
        <div
          class="MuiGrid-root MuiGrid-item MuiGrid-grid-xs-1 MuiGrid-grid-lg-2"
        />
        <div
          class="MuiGrid-root MuiGrid-item MuiGrid-grid-xs-10 MuiGrid-grid-lg-8"
        >
          <div
            class="MuiGrid-root MuiGrid-container MuiGrid-spacing-xs-2"
          >
            <div
              class="MuiGrid-root MuiGrid-item MuiGrid-grid-xs-6 MuiGrid-grid-md-3"
            >
              <h6
                class="MuiTypography-root MuiTypography-h6"
              >
                common.company
              </h6>
              <div
                class="makeStyles-linkContainer-3"
              >
                <next-link
                  href="/"
                >
                  <a
                    class="makeStyles-link-2"
                    color="inherit"
                    href="/"
                  >
                    common.home
                  </a>
                </next-link>
              </div>
              <div
                class="makeStyles-linkContainer-3"
              >
                <next-link
                  href="/aboutUs"
                >
                  <a
                    class="makeStyles-link-2"
                    color="inherit"
                    href="/aboutUs"
                  >
                    common.aboutUs
                  </a>
                </next-link>
              </div>
              <div
                class="makeStyles-linkContainer-3"
              >
                <next-link
                  href="/blogs"
                >
                  <a
                    class="makeStyles-link-2"
                    color="inherit"
                    href="/blogs"
                  >
                    common.blogs
                  </a>
                </next-link>
              </div>
            </div>
            <div
              class="MuiGrid-root MuiGrid-item MuiGrid-grid-xs-12 MuiGrid-grid-md-6"
            >
              <h6
                class="MuiTypography-root MuiTypography-h6"
              >
                common.socialMedias
              </h6>
              <div>
                <next-link
                  href="/"
                >
                  <a
                    class="makeStyles-socialLink-4"
                    color="inherit"
                    href="/"
                  >
                    <img
                      class="makeStyles-image-5"
                      src="/static/images/facebook.png"
                    />
                  </a>
                </next-link>
                <next-link
                  href="/"
                >
                  <a
                    class="makeStyles-socialLink-4"
                    color="inherit"
                    href="/"
                  >
                    <img
                      class="makeStyles-image-5"
                      src="/static/images/linkedin.png"
                    />
                  </a>
                </next-link>
              </div>
            </div>
            <div
              class="MuiGrid-root MuiGrid-item MuiGrid-grid-xs-12 MuiGrid-grid-md-3"
            >
              <h6
                class="MuiTypography-root MuiTypography-h6"
              >
                ©
                 
                <next-link
                  href="/"
                >
                  <a
                    class="makeStyles-link-2"
                    color="inherit"
                    href="/"
                  >
                    Thinh Tran
                  </a>
                </next-link>
                 
                2019
              </h6>
              <span
                class="MuiTypography-root MuiTypography-caption"
              >
                common.footer.createdWithLove
              </span>
            </div>
          </div>
        </div>
        <div
          class="MuiGrid-root MuiGrid-item MuiGrid-grid-xs-1 MuiGrid-grid-lg-2"
        />
      </div>
    </footer>
  </div>
</body>
`;
