// Jest Snapshot v1, https://goo.gl/fbAQLP

exports[`components/FormHeader renders successfully 1`] = `
<body>
  <div>
    <div
      class="MuiPaper-root MuiPaper-elevation1 makeStyles-root-1 MuiPaper-rounded"
    >
      <h6
        class="MuiTypography-root MuiTypography-h6 MuiTypography-colorTextPrimary"
      >
        title
      </h6>
      <div
        class="makeStyles-separator-2"
      />
      <div
        class="makeStyles-commands-3"
      >
        <button
          class="MuiButtonBase-root MuiButton-root MuiButton-contained makeStyles-button-4 MuiButton-containedPrimary"
          tabindex="0"
          type="button"
        >
          <span
            class="MuiButton-label"
          >
            Create
          </span>
          <span
            class="MuiTouchRipple-root"
          />
        </button>
      </div>
    </div>
  </div>
</body>
`;
