// Jest Snapshot v1, https://goo.gl/fbAQLP

exports[`pages/Index renders successfully 1`] = `
Object {
  "apiEndpoint": "http://localhost:3001",
  "author": "Thinh Tran",
  "contactEmail": "contact@webstarterkit.com",
  "copyRightYear": 2019,
  "dateFormat": "DD/MM/YYYY",
  "dateTimeFormat": "DD/MM/YYYY HH:mm:ss",
  "debounceDelay": 300,
  "defaultCountryCode": "+84",
  "defaultWaitToResend": 30,
  "firebaseConfig": Object {
    "apiKey": "should_be_replaced",
    "appId": "should_be_replaced",
    "authDomain": "should_be_replaced",
    "databaseURL": "should_be_replaced",
    "measurementId": "should_be_replaced",
    "messagingSenderId": "should_be_replaced",
    "projectId": "should_be_replaced",
    "storageBucket": "should_be_replaced",
  },
  "i18n": Object {
    "defaultLang": "en",
    "languages": Array [
      Object {
        "code": "en",
        "name": "English",
      },
      Object {
        "code": "vi",
        "name": "Tiếng Việt",
      },
    ],
  },
  "regex": Object {
    "email": /\\^\\[a-z\\]\\[a-z0-9_\\.\\]\\{0,40\\}@\\[a-z0-9\\]\\{2,\\}\\(\\.\\[a-z0-9\\]\\{2,4\\}\\)\\{1,2\\}\\$/,
    "password": /\\^\\(\\?=\\.\\*\\[A-Za-z\\]\\)\\(\\?=\\.\\*\\\\d\\)\\(\\?=\\.\\*\\[@\\$!%\\*#\\?&\\]\\)\\[A-Za-z\\\\d@\\$!%\\*#\\?&\\]\\{6,20\\}\\$/,
    "phone": /\\^\\[0-9\\]\\{8,\\}\\$/,
    "username": /\\^\\[a-z0-9\\]\\{5,15\\}\\$/,
  },
  "rowsPerPageOptions": Array [
    10,
    20,
    50,
  ],
  "signInOptions": Array [
    "email",
    "phone",
    "facebook",
    "google",
  ],
  "siteName": "Web Starter Kit",
  "storageLocation": Object {
    "base": "",
    "public": "/public",
    "static": "/static",
  },
}
`;
