// Jest Snapshot v1, https://goo.gl/fbAQLP

exports[`@app/modules/main/screens/HomeScreen/components/CoverImage renders successfully 1`] = `
<body>
  <div>
    <div
      class="makeStyles-coverImage-1"
      style="background-image: url(/static/images/cover.jpg);"
    >
      <div
        class="MuiGrid-root MuiGrid-container"
      >
        <div
          class="MuiGrid-root MuiGrid-item MuiGrid-grid-xs-1 MuiGrid-grid-lg-2"
        />
        <div
          class="MuiGrid-root MuiGrid-item MuiGrid-grid-xs-10 MuiGrid-grid-lg-4"
        >
          <h2
            class="makeStyles-title-2"
          >
            Praesent sapien massa, convallis a pellentesque nec
          </h2>
          <p
            class="makeStyles-paragraph-3"
          >
            Cras ultricies ligula sed magna dictum porta. Curabitur non nulla sit amet nisl tempus convallis quis ac lectus. Curabitur arcu erat, accumsan id imperdiet et, porttitor at sem. Pellentesque in ipsum id orci porta dapibus. Mauris blandit aliquet elit, eget tincidunt nibh pulvinar a
          </p>
          <div
            class="makeStyles-introButtonContainer-4"
          >
            <button
              class="MuiButtonBase-root MuiButton-root MuiButton-contained MuiButton-containedPrimary"
              tabindex="0"
              type="button"
            >
              <span
                class="MuiButton-label"
              >
                Explore
              </span>
              <span
                class="MuiTouchRipple-root"
              />
            </button>
          </div>
        </div>
        <div
          class="MuiGrid-root MuiGrid-item MuiGrid-grid-xs-1 MuiGrid-grid-lg-2"
        />
      </div>
    </div>
  </div>
</body>
`;
