// Jest Snapshot v1, https://goo.gl/fbAQLP

exports[`@app/modules/main/screens/HomeScreen/components/Help renders successfully 1`] = `
<body>
  <div>
    <div>
      <div
        class="MuiGrid-root MuiGrid-container"
      >
        <div
          class="MuiGrid-root MuiGrid-item MuiGrid-grid-xs-1 MuiGrid-grid-lg-2"
        />
        <div
          class="MuiGrid-root MuiGrid-item MuiGrid-grid-xs-10 MuiGrid-grid-lg-8"
        >
          <div
            class="makeStyles-helpContainer-1"
          >
            <div>
              <div
                class="makeStyles-helpIconContainer-2"
              >
                <img
                  class="makeStyles-helpIcon-3"
                  src="/static/images/faq.png"
                />
              </div>
              <h4
                class="makeStyles-helpTitle-4"
              >
                needHelp
              </h4>
            </div>
            <div
              class="makeStyles-helpInfo-5"
            >
              needHelpDescription
            </div>
            <div
              class="makeStyles-helpContact-6"
            >
              contact@webstarterkit.com
            </div>
          </div>
        </div>
        <div
          class="MuiGrid-root MuiGrid-item MuiGrid-grid-xs-1 MuiGrid-grid-lg-2"
        />
      </div>
    </div>
  </div>
</body>
`;
