// Jest Snapshot v1, https://goo.gl/fbAQLP

exports[`@app/modules/main/screens/HomeScreen/components/Quote renders successfully 1`] = `
<body>
  <div>
    <div>
      <div
        class="MuiGrid-root MuiGrid-container"
      >
        <div
          class="MuiGrid-root MuiGrid-item MuiGrid-grid-xs-1 MuiGrid-grid-lg-2"
        />
        <div
          class="MuiGrid-root MuiGrid-item MuiGrid-grid-xs-10 MuiGrid-grid-lg-8"
        >
          <div
            class="makeStyles-quoteContainer-1"
          >
            <h4
              class="makeStyles-quote-2"
            >
              "
              quote
              "
            </h4>
            <div
              class="makeStyles-signatureContainer-3"
            >
              <div
                class="makeStyles-signatureName-4"
              >
                quoteFrom
              </div>
              <div
                class="makeStyles-signatureJob-5"
              >
                quoteFromTitle
              </div>
            </div>
          </div>
        </div>
        <div
          class="MuiGrid-root MuiGrid-item MuiGrid-grid-xs-1 MuiGrid-grid-lg-2"
        />
      </div>
      <div
        class="makeStyles-coverImage2-6"
        style="background-image: url(/static/images/cover2.jpg);"
      />
    </div>
  </div>
</body>
`;
